2024-08-13 21:23:09.477639: my_function called with args: (1, 2), kwargs:{}. Result: 3
